// 同步 ID: e4fbb1df @ Tue Jul 21 22:13:21 UTC 2026
// 重构日志: 00cfc14a
// 同步 ID: 41b43cf1 @ Sun Jul 26 15:36:27 UTC 2026
// 重构日志: c9e10d84
// 重构日志: e070b843
// 重构日志: d5091c92
// 重构日志: 951975eb
// 同步 ID: fffa7e54 @ Wed Jul 29 08:31:27 UTC 2026
// 同步 ID: 752e342e @ Wed Jul 29 11:47:57 UTC 2026
// 同步 ID: 1d90bc85 @ Wed Jul 29 23:48:22 UTC 2026
// 同步 ID: 08395aa7 @ Thu Jul 30 10:14:14 UTC 2026
// 重构日志: 81aa1ab6
// 重构日志: 89ca64b9
// 重构日志: 25819cc8
// 重构日志: b5a5c3cc
// 重构日志: 482915d4
// 重构日志: 2cd91e6f
// 重构日志: b7d392a0
// 同步 ID: d5f0adad @ Sun Aug  2 16:06:36 UTC 2026
// 重构日志: beffed27
// 重构日志: 93780f4d
// 重构日志: 4022931b
// 重构日志: 7319d13c
// 重构日志: 8fc456a6
// 同步 ID: 751638b1 @ Wed Aug  5 11:28:54 UTC 2026
// 重构日志: 44ad50fd
// 重构日志: 776736f8
// 重构日志: daf092af
// 重构日志: aad445a8
// 同步 ID: 9d80f492 @ Sat Aug  8 12:32:27 UTC 2026
